
> plotpickle@0.14.0 build
> bash scripts/build-verified.sh

Running bounded vinext build...

  vinext build  (Vite 8.0.13)

[34m[1/5] analyze client references...[39m
[2Ktransforming...✓ 149 modules transformed.
rendering chunks...
[32m✓ built in 979ms[39m
[34m[2/5] analyze server references...[39m
[2Ktransforming...✓ 129 modules transformed.
rendering chunks...
[32m✓ built in 847ms[39m
[34m[3/5] build rsc environment...[39m
[2Ktransforming...✓ 155 modules transformed.
rendering chunks...
computing gzip size...
[32m✓ built in 699ms[39m
[34m[4/5] build client environment...[39m
[2Ktransforming...✓ 136 modules transformed.
rendering chunks...
computing gzip size...
[32m✓ built in 886ms[39m
[34m[5/5] build ssr environment...[39m
[2Ktransforming...✓ 135 modules transformed.
rendering chunks...
computing gzip size...
[32m✓ built in 795ms[39m
[0m
  Route (app)
  ┌ ? /           
  ├ ? /craftloop  
  ├ ? /diagnostics
  ├ ? /draftlens  
  ├ ? /legal      
  ├ ? /pageflow   
  ├ ? /resonance  
  ├ ? /structure  
  └ ? /voiceprint 

  ? Unknown

  ? Some routes could not be classified. vinext currently uses static analysis
    and cannot detect dynamic API usage (headers(), cookies(), etc.) at build time.
    Automatic classification will be improved in a future release.

  Build complete. Run `vinext start` to start the production server.

Validated Sites artifact: ESM Worker default.fetch and hosting manifest are present.
