
> plotpickle@0.13.0 build
> bash scripts/build-verified.sh

Running bounded vinext build...

  vinext build  (Vite 8.0.13)

[34m[1/5] analyze client references...[39m
[2Ktransforming...✓ 148 modules transformed.
rendering chunks...
[32m✓ built in 1.29s[39m
[34m[2/5] analyze server references...[39m
[2Ktransforming...✓ 125 modules transformed.
rendering chunks...
[32m✓ built in 907ms[39m
[34m[3/5] build rsc environment...[39m
[2Ktransforming...✓ 154 modules transformed.
rendering chunks...
computing gzip size...
[32m✓ built in 672ms[39m
[34m[4/5] build client environment...[39m
[2Ktransforming...✓ 132 modules transformed.
rendering chunks...
computing gzip size...
[32m✓ built in 881ms[39m
[34m[5/5] build ssr environment...[39m
[2Ktransforming...✓ 131 modules transformed.
rendering chunks...
computing gzip size...
[32m✓ built in 766ms[39m
[0m
  Route (app)
  ┌ ? /          
  ├ ? /craftloop 
  ├ ? /draftlens 
  ├ ? /legal     
  ├ ? /pageflow  
  ├ ? /resonance 
  ├ ? /structure 
  └ ? /voiceprint

  ? Unknown

  ? Some routes could not be classified. vinext currently uses static analysis
    and cannot detect dynamic API usage (headers(), cookies(), etc.) at build time.
    Automatic classification will be improved in a future release.

  Build complete. Run `vinext start` to start the production server.

Validated Sites artifact: ESM Worker default.fetch and hosting manifest are present.
